../Core/Src/stm32g4xx_it.c:59:6:SDTimer_Handler	4	static
../Core/Src/stm32g4xx_it.c:89:6:NMI_Handler	4	static
../Core/Src/stm32g4xx_it.c:104:6:HardFault_Handler	4	static
../Core/Src/stm32g4xx_it.c:119:6:MemManage_Handler	4	static
../Core/Src/stm32g4xx_it.c:134:6:BusFault_Handler	4	static
../Core/Src/stm32g4xx_it.c:149:6:UsageFault_Handler	4	static
../Core/Src/stm32g4xx_it.c:164:6:SVC_Handler	4	static
../Core/Src/stm32g4xx_it.c:177:6:DebugMon_Handler	4	static
../Core/Src/stm32g4xx_it.c:190:6:PendSV_Handler	4	static
../Core/Src/stm32g4xx_it.c:203:6:SysTick_Handler	8	static
../Core/Src/stm32g4xx_it.c:230:6:EXTI1_IRQHandler	8	static
../Core/Src/stm32g4xx_it.c:244:6:EXTI2_IRQHandler	8	static
../Core/Src/stm32g4xx_it.c:258:6:DMA1_Channel1_IRQHandler	8	static
../Core/Src/stm32g4xx_it.c:272:6:DMA1_Channel2_IRQHandler	8	static
../Core/Src/stm32g4xx_it.c:286:6:DMA1_Channel3_IRQHandler	8	static
../Core/Src/stm32g4xx_it.c:300:6:DMA1_Channel4_IRQHandler	8	static
../Core/Src/stm32g4xx_it.c:314:6:DMA1_Channel5_IRQHandler	8	static
../Core/Src/stm32g4xx_it.c:328:6:TIM3_IRQHandler	8	static
../Core/Src/stm32g4xx_it.c:342:6:TIM4_IRQHandler	8	static
../Core/Src/stm32g4xx_it.c:362:6:USART1_IRQHandler	8	static
../Core/Src/stm32g4xx_it.c:376:6:LPUART1_IRQHandler	8	static
