../Core/Src/stm32g4xx_it.c:59:6:SDTimer_Handler	4	static
../Core/Src/stm32g4xx_it.c:88:6:NMI_Handler	4	static
../Core/Src/stm32g4xx_it.c:103:6:HardFault_Handler	4	static
../Core/Src/stm32g4xx_it.c:118:6:MemManage_Handler	4	static
../Core/Src/stm32g4xx_it.c:133:6:BusFault_Handler	4	static
../Core/Src/stm32g4xx_it.c:148:6:UsageFault_Handler	4	static
../Core/Src/stm32g4xx_it.c:163:6:SVC_Handler	4	static
../Core/Src/stm32g4xx_it.c:176:6:DebugMon_Handler	4	static
../Core/Src/stm32g4xx_it.c:189:6:PendSV_Handler	4	static
../Core/Src/stm32g4xx_it.c:202:6:SysTick_Handler	8	static
../Core/Src/stm32g4xx_it.c:229:6:EXTI1_IRQHandler	8	static
../Core/Src/stm32g4xx_it.c:243:6:EXTI2_IRQHandler	8	static
../Core/Src/stm32g4xx_it.c:257:6:DMA1_Channel1_IRQHandler	8	static
../Core/Src/stm32g4xx_it.c:271:6:DMA1_Channel2_IRQHandler	8	static
../Core/Src/stm32g4xx_it.c:285:6:DMA1_Channel3_IRQHandler	8	static
../Core/Src/stm32g4xx_it.c:299:6:DMA1_Channel4_IRQHandler	8	static
../Core/Src/stm32g4xx_it.c:313:6:DMA1_Channel5_IRQHandler	8	static
../Core/Src/stm32g4xx_it.c:327:6:TIM4_IRQHandler	8	static
../Core/Src/stm32g4xx_it.c:345:6:USART1_IRQHandler	8	static
../Core/Src/stm32g4xx_it.c:359:6:LPUART1_IRQHandler	8	static
