../Core/Src/stm32g4xx_it.c:57:6:SDTimer_Handler	4	static
../Core/Src/stm32g4xx_it.c:84:6:NMI_Handler	4	static
../Core/Src/stm32g4xx_it.c:99:6:HardFault_Handler	4	static
../Core/Src/stm32g4xx_it.c:114:6:MemManage_Handler	4	static
../Core/Src/stm32g4xx_it.c:129:6:BusFault_Handler	4	static
../Core/Src/stm32g4xx_it.c:144:6:UsageFault_Handler	4	static
../Core/Src/stm32g4xx_it.c:159:6:SVC_Handler	4	static
../Core/Src/stm32g4xx_it.c:172:6:DebugMon_Handler	4	static
../Core/Src/stm32g4xx_it.c:185:6:PendSV_Handler	4	static
../Core/Src/stm32g4xx_it.c:198:6:SysTick_Handler	8	static
../Core/Src/stm32g4xx_it.c:225:6:EXTI1_IRQHandler	8	static
../Core/Src/stm32g4xx_it.c:239:6:EXTI2_IRQHandler	8	static
../Core/Src/stm32g4xx_it.c:253:6:DMA1_Channel1_IRQHandler	8	static
../Core/Src/stm32g4xx_it.c:267:6:DMA1_Channel2_IRQHandler	8	static
../Core/Src/stm32g4xx_it.c:281:6:DMA1_Channel3_IRQHandler	8	static
../Core/Src/stm32g4xx_it.c:295:6:DMA1_Channel4_IRQHandler	8	static
../Core/Src/stm32g4xx_it.c:309:6:USART1_IRQHandler	8	static
../Core/Src/stm32g4xx_it.c:323:6:LPUART1_IRQHandler	8	static
