../Core/Src/stm32g4xx_it.c:83:6:NMI_Handler	4	static
../Core/Src/stm32g4xx_it.c:98:6:HardFault_Handler	8	static
../Core/Src/stm32g4xx_it.c:116:6:MemManage_Handler	4	static
../Core/Src/stm32g4xx_it.c:131:6:BusFault_Handler	4	static
../Core/Src/stm32g4xx_it.c:146:6:UsageFault_Handler	4	static
../Core/Src/stm32g4xx_it.c:161:6:DebugMon_Handler	4	static
../Core/Src/stm32g4xx_it.c:181:6:EXTI1_IRQHandler	8	static
../Core/Src/stm32g4xx_it.c:195:6:EXTI4_IRQHandler	8	static
../Core/Src/stm32g4xx_it.c:209:6:DMA1_Channel1_IRQHandler	8	static
../Core/Src/stm32g4xx_it.c:223:6:DMA1_Channel2_IRQHandler	8	static
../Core/Src/stm32g4xx_it.c:237:6:DMA1_Channel3_IRQHandler	8	static
../Core/Src/stm32g4xx_it.c:251:6:DMA1_Channel5_IRQHandler	8	static
../Core/Src/stm32g4xx_it.c:265:6:ADC1_2_IRQHandler	8	static
../Core/Src/stm32g4xx_it.c:279:6:TIM1_UP_TIM16_IRQHandler	8	static
../Core/Src/stm32g4xx_it.c:292:6:TIM2_IRQHandler	8	static
../Core/Src/stm32g4xx_it.c:306:6:TIM4_IRQHandler	8	static
../Core/Src/stm32g4xx_it.c:320:6:USART1_IRQHandler	8	static
../Core/Src/stm32g4xx_it.c:334:6:LPUART1_IRQHandler	8	static
