../Core/Src/stm32g4xx_it.c:72:6:SDTimer_Handler	4	static
../Core/Src/stm32g4xx_it.c:102:6:NMI_Handler	4	static
../Core/Src/stm32g4xx_it.c:117:6:HardFault_Handler	4	static
../Core/Src/stm32g4xx_it.c:132:6:MemManage_Handler	4	static
../Core/Src/stm32g4xx_it.c:147:6:BusFault_Handler	4	static
../Core/Src/stm32g4xx_it.c:162:6:UsageFault_Handler	4	static
../Core/Src/stm32g4xx_it.c:177:6:SVC_Handler	4	static
../Core/Src/stm32g4xx_it.c:190:6:DebugMon_Handler	4	static
../Core/Src/stm32g4xx_it.c:203:6:PendSV_Handler	4	static
../Core/Src/stm32g4xx_it.c:216:6:SysTick_Handler	8	static
../Core/Src/stm32g4xx_it.c:243:6:EXTI1_IRQHandler	8	static
../Core/Src/stm32g4xx_it.c:257:6:EXTI2_IRQHandler	8	static
../Core/Src/stm32g4xx_it.c:271:6:DMA1_Channel1_IRQHandler	8	static
../Core/Src/stm32g4xx_it.c:285:6:DMA1_Channel2_IRQHandler	8	static
../Core/Src/stm32g4xx_it.c:299:6:DMA1_Channel3_IRQHandler	8	static
../Core/Src/stm32g4xx_it.c:313:6:DMA1_Channel4_IRQHandler	8	static
../Core/Src/stm32g4xx_it.c:327:6:DMA1_Channel5_IRQHandler	8	static
../Core/Src/stm32g4xx_it.c:341:6:TIM2_IRQHandler	48	static
../Core/Src/stm32g4xx_it.c:372:6:TIM3_IRQHandler	8	static
../Core/Src/stm32g4xx_it.c:394:6:USART1_IRQHandler	8	static
../Core/Src/stm32g4xx_it.c:408:6:LPUART1_IRQHandler	8	static
