../Core/Src/stm32g4xx_it.c:62:6:SDTimer_Handler	4	static
../Core/Src/stm32g4xx_it.c:94:6:NMI_Handler	4	static
../Core/Src/stm32g4xx_it.c:109:6:HardFault_Handler	4	static
../Core/Src/stm32g4xx_it.c:124:6:MemManage_Handler	4	static
../Core/Src/stm32g4xx_it.c:139:6:BusFault_Handler	4	static
../Core/Src/stm32g4xx_it.c:154:6:UsageFault_Handler	4	static
../Core/Src/stm32g4xx_it.c:169:6:SVC_Handler	4	static
../Core/Src/stm32g4xx_it.c:182:6:DebugMon_Handler	4	static
../Core/Src/stm32g4xx_it.c:195:6:PendSV_Handler	4	static
../Core/Src/stm32g4xx_it.c:208:6:SysTick_Handler	8	static
../Core/Src/stm32g4xx_it.c:235:6:EXTI0_IRQHandler	8	static
../Core/Src/stm32g4xx_it.c:249:6:EXTI1_IRQHandler	8	static
../Core/Src/stm32g4xx_it.c:263:6:EXTI2_IRQHandler	8	static
../Core/Src/stm32g4xx_it.c:277:6:DMA1_Channel1_IRQHandler	8	static
../Core/Src/stm32g4xx_it.c:291:6:DMA1_Channel2_IRQHandler	8	static
../Core/Src/stm32g4xx_it.c:305:6:DMA1_Channel3_IRQHandler	8	static
../Core/Src/stm32g4xx_it.c:319:6:DMA1_Channel4_IRQHandler	8	static
../Core/Src/stm32g4xx_it.c:333:6:DMA1_Channel5_IRQHandler	8	static
../Core/Src/stm32g4xx_it.c:347:6:DMA1_Channel6_IRQHandler	8	static
../Core/Src/stm32g4xx_it.c:361:6:TIM2_IRQHandler	8	static
../Core/Src/stm32g4xx_it.c:375:6:TIM3_IRQHandler	8	static
../Core/Src/stm32g4xx_it.c:389:6:TIM4_IRQHandler	8	static
../Core/Src/stm32g4xx_it.c:409:6:USART1_IRQHandler	8	static
../Core/Src/stm32g4xx_it.c:423:6:LPUART1_IRQHandler	8	static
